7279766 (HEAD -> test) add test string in file
d6c8302 (staging) add five string in file
923eb77 add third string in file
342da15 (master) add second string in file
981ea92 add fist string in file

Релиз в production

belhard@debian:~/homeworkgit$ git log --oneline
7279766 (HEAD -> master, test) add test string in file
d6c8302 (staging) add five string in file
923eb77 add third string in file
342da15 add second string in file
981ea92 add fist string in file

накатим фикс

belhard@debian:~/homeworkgit$ git log --oneline
c859d4f (HEAD -> master) Merge branch 'fix/prod_is_down'
2b316e3 (fix/prod_is_down) add fix string in file
7279766 add test string in file
d6c8302 add five string in file
923eb77 add third string in file
342da15 add second string in file
981ea92 add fist string in file
belhard@debian:~/homeworkgit$ git checkout staging
Switched to branch 'staging'
belhard@debian:~/homeworkgit$ git log --oneline
b1c9567 (HEAD -> staging) Merge branch 'fix/prod_is_down' into staging
2b316e3 (fix/prod_is_down) add fix string in file
d6c8302 add five string in file
923eb77 add third string in file
342da15 add second string in file
981ea92 add fist string in file
belhard@debian:~/homeworkgit$ git checkout test
Switched to branch 'test'
belhard@debian:~/homeworkgit$ git log --oneline
6d8a068 (HEAD -> test) Merge branch 'fix/prod_is_down' into test
2b316e3 (fix/prod_is_down) add fix string in file
7279766 add test string in file
d6c8302 add five string in file
923eb77 add third string in file
342da15 add second string in file
981ea92 add fist string in file
